2026-08-27 23:11:24,978 - INFO - Iniciando la extracción API desde http://localhost:8000/transactions
2026-08-27 23:11:25,074 - INFO - Peticion enviada a http://localhost:8000/transactions Codigo de estado: 200
2026-08-27 23:11:25,087 - INFO - Extracción exitosa de datos. Cantidad de datos: 3
2026-08-27 23:11:25,087 - INFO - Creación exitosa del data frame, con 5000 filas y 3 columnas
2026-08-27 23:23:27,815 - INFO - Iniciando extracción ACH desde: C:\Users\allis\OneDrive\Documentos\Repoceleste_git\FinanData-DataOps\data\bronze\ach
2026-08-27 23:23:27,816 - ERROR - Error durante la extracción ACH: No se encontraron archivos CSV en C:\Users\allis\OneDrive\Documentos\Repoceleste_git\FinanData-DataOps\data\bronze\ach
2026-08-27 23:46:45,086 - INFO - -_-_-_-_-_-_-_-_-_-_-_-_-_-_-_-_-_-_-_-_-_-_-_-_-_-_-_-_-_-_-_-_-_-_-_-_-_-_-_-_-_-_-_-_-_-_-_-_-_-_-_-_-_-_-_-_-_-_-_-_
2026-08-27 23:46:45,086 - INFO - Iniciando extracción
2026-08-27 23:46:45,086 - INFO - Iniciando extracción ATM desde: C:\Users\allis\OneDrive\Documentos\Repoceleste_git\FinanData-DataOps\data\bronze\atm
2026-08-27 23:46:45,086 - INFO - Leyendo archivo: atm_transactions.csv
2026-08-27 23:46:45,086 - INFO - Archivo atm_transactions.csv: 50 registros
2026-08-27 23:46:45,086 - INFO - Leyendo archivo: atm_transactions1.csv
2026-08-27 23:46:45,102 - INFO - Archivo atm_transactions1.csv: 50 registros
2026-08-27 23:46:45,102 - INFO - Extracción ATM exitosa. Total registros: 100
2026-08-27 23:46:45,102 - INFO - Extracción ATM finalizada: 100 registros
2026-08-27 23:46:45,102 - INFO - Iniciando la extracción API desde https://jsonplaceholder.typicode.com/posts
2026-08-27 23:46:45,798 - INFO - Peticion enviada a https://jsonplaceholder.typicode.com/posts Codigo de estado: 200
2026-08-27 23:46:45,798 - INFO - Extracción exitosa de datos. Cantidad de datos: 100
2026-08-27 23:46:45,799 - INFO - Creación exitosa del data frame, con 100 filas y 4 columnas
2026-08-27 23:46:45,800 - INFO - Extracción API finalizada: 100 registros
2026-08-27 23:46:45,800 - INFO - Iniciando extracción ACH desde: C:\Users\allis\OneDrive\Documentos\Repoceleste_git\FinanData-DataOps\data\bronze\ach
2026-08-27 23:46:45,800 - ERROR - Error durante la extracción ACH: No se encontraron archivos CSV en C:\Users\allis\OneDrive\Documentos\Repoceleste_git\FinanData-DataOps\data\bronze\ach
2026-08-28 00:04:27,453 - INFO - Iniciando extracción ATM desde: C:\Users\allis\OneDrive\Documentos\Repoceleste_git\FinanData-DataOps\data\bronze\atm
2026-08-28 00:04:27,453 - INFO - Leyendo archivo: atm_transactions.csv
2026-08-28 00:04:27,456 - INFO - Archivo atm_transactions.csv: 50 registros
2026-08-28 00:04:27,456 - INFO - Leyendo archivo: atm_transactions1.csv
2026-08-28 00:04:27,457 - INFO - Archivo atm_transactions1.csv: 50 registros
2026-08-28 00:04:27,458 - INFO - Extracción ATM exitosa. Total registros: 100
2026-08-28 01:19:16,541 - INFO - Iniciando la extracción API desde http://localhost:8000/transactions
2026-08-28 01:19:16,849 - INFO - Petición enviada a http://localhost:8000/transactions Código de estado: 200
2026-08-28 01:19:16,863 - INFO - Extracción exitosa de datos. Cantidad de transacciones: 5000
2026-08-28 01:19:16,870 - INFO - Creación exitosa del data frame, con 5000 filas y 8 columnas
2026-08-28 01:20:01,714 - INFO - Iniciando la extracción API desde http://localhost:8000/transactions
2026-08-28 01:20:01,924 - INFO - Peticion enviada a http://localhost:8000/transactions Codigo de estado: 200
2026-08-28 01:20:01,946 - INFO - Extracción exitosa de datos. Cantidad de datos: 3
2026-08-28 01:20:01,948 - INFO - Creación exitosa del data frame, con 5000 filas y 3 columnas
2026-08-28 01:20:41,157 - INFO - Iniciando la extracción API desde http://localhost:8000/transactions
2026-08-28 01:20:41,385 - INFO - Petición enviada a http://localhost:8000/transactions Código de estado: 200
2026-08-28 01:20:41,394 - INFO - Extracción exitosa de datos. Cantidad de transacciones: 5000
2026-08-28 01:20:41,401 - INFO - Creación exitosa del data frame, con 5000 filas y 8 columnas
2026-08-28 01:32:54,267 - INFO - Iniciando la extracción API desde http://localhost:8000/transactions
2026-08-28 01:32:54,454 - INFO - Petición enviada a http://localhost:8000/transactions Código de estado: 200
2026-08-28 01:32:54,474 - INFO - Extracción exitosa de datos. Cantidad de transacciones: 5000
2026-08-28 01:32:54,492 - INFO - Creación exitosa del data frame, con 5000 filas y 8 columnas
2026-08-28 01:46:26,921 - INFO - Iniciando extracción ATM desde: C:\Users\allis\OneDrive\Documentos\Repoceleste_git\FinanData-DataGenerator\data\transactions\atm
2026-08-28 01:46:26,922 - INFO - Leyendo archivo: atm_20260824.csv
2026-08-28 01:46:26,934 - INFO - Archivo atm_20260824.csv: 1250 registros
2026-08-28 01:46:26,936 - INFO - Leyendo archivo: atm_20260825.csv
2026-08-28 01:46:26,952 - INFO - Archivo atm_20260825.csv: 1250 registros
2026-08-28 01:46:26,952 - INFO - Leyendo archivo: atm_20260826.csv
2026-08-28 01:46:26,973 - INFO - Archivo atm_20260826.csv: 1250 registros
2026-08-28 01:46:26,973 - INFO - Leyendo archivo: atm_20260827.csv
2026-08-28 01:46:26,994 - INFO - Archivo atm_20260827.csv: 1250 registros
2026-08-28 01:46:26,994 - INFO - Extracción ATM exitosa. Total registros: 5000
2026-08-28 01:46:45,112 - INFO - Iniciando extracción ACH desde: C:\Users\allis\OneDrive\Documentos\Repoceleste_git\FinanData-DataGenerator\data\transactions\ach
2026-08-28 01:46:45,114 - INFO - Leyendo archivo: ach_20260824.csv
2026-08-28 01:46:45,126 - INFO - Archivo ach_20260824.csv: 1250 registros
2026-08-28 01:46:45,126 - INFO - Leyendo archivo: ach_20260825.csv
2026-08-28 01:46:45,149 - INFO - Archivo ach_20260825.csv: 1250 registros
2026-08-28 01:46:45,149 - INFO - Leyendo archivo: ach_20260826.csv
2026-08-28 01:46:45,190 - INFO - Archivo ach_20260826.csv: 1250 registros
2026-08-28 01:46:45,190 - INFO - Leyendo archivo: ach_20260827.csv
2026-08-28 01:46:45,219 - INFO - Archivo ach_20260827.csv: 1250 registros
2026-08-28 01:46:45,219 - INFO - Extracción ACH exitosa. Total registros: 5000
2026-08-28 01:49:18,276 - INFO - Iniciando extracción ACH desde: C:\Users\allis\OneDrive\Documentos\Repoceleste_git\FinanData-DataGenerator\data\transactions\ach
2026-08-28 01:49:18,277 - INFO - Leyendo archivo: ach_20260824.csv
2026-08-28 01:49:18,286 - INFO - Archivo ach_20260824.csv: 1250 registros
2026-08-28 01:49:18,286 - INFO - Leyendo archivo: ach_20260825.csv
2026-08-28 01:49:18,293 - INFO - Archivo ach_20260825.csv: 1250 registros
2026-08-28 01:49:18,293 - INFO - Leyendo archivo: ach_20260826.csv
2026-08-28 01:49:18,297 - INFO - Archivo ach_20260826.csv: 1250 registros
2026-08-28 01:49:18,297 - INFO - Leyendo archivo: ach_20260827.csv
2026-08-28 01:49:18,303 - INFO - Archivo ach_20260827.csv: 1250 registros
2026-08-28 01:49:18,304 - INFO - Extracción ACH exitosa. Total registros: 5000
2026-08-28 01:49:30,717 - INFO - Iniciando extracción ATM desde: C:\Users\allis\OneDrive\Documentos\Repoceleste_git\FinanData-DataGenerator\data\transactions\atm
2026-08-28 01:49:30,717 - INFO - Leyendo archivo: atm_20260824.csv
2026-08-28 01:49:30,723 - INFO - Archivo atm_20260824.csv: 1250 registros
2026-08-28 01:49:30,723 - INFO - Leyendo archivo: atm_20260825.csv
2026-08-28 01:49:30,731 - INFO - Archivo atm_20260825.csv: 1250 registros
2026-08-28 01:49:30,731 - INFO - Leyendo archivo: atm_20260826.csv
2026-08-28 01:49:30,734 - INFO - Archivo atm_20260826.csv: 1250 registros
2026-08-28 01:49:30,734 - INFO - Leyendo archivo: atm_20260827.csv
2026-08-28 01:49:30,740 - INFO - Archivo atm_20260827.csv: 1250 registros
2026-08-28 01:49:30,740 - INFO - Extracción ATM exitosa. Total registros: 5000
2026-08-28 01:49:42,008 - INFO - Iniciando extracción ACH desde: C:\Users\allis\OneDrive\Documentos\Repoceleste_git\FinanData-DataGenerator\data\transactions\ach
2026-08-28 01:49:42,008 - INFO - Leyendo archivo: ach_20260824.csv
2026-08-28 01:49:42,018 - INFO - Archivo ach_20260824.csv: 1250 registros
2026-08-28 01:49:42,018 - INFO - Leyendo archivo: ach_20260825.csv
2026-08-28 01:49:42,026 - INFO - Archivo ach_20260825.csv: 1250 registros
2026-08-28 01:49:42,028 - INFO - Leyendo archivo: ach_20260826.csv
2026-08-28 01:49:42,036 - INFO - Archivo ach_20260826.csv: 1250 registros
2026-08-28 01:49:42,036 - INFO - Leyendo archivo: ach_20260827.csv
2026-08-28 01:49:42,043 - INFO - Archivo ach_20260827.csv: 1250 registros
2026-08-28 01:49:42,044 - INFO - Extracción ACH exitosa. Total registros: 5000
2026-08-28 01:54:11,973 - INFO - -_-_-_-_-_-_-_-_-_-_-_-_-_-_-_-_-_-_-_-_-_-_-_-_-_-_-_-_-_-_-_-_-_-_-_-_-_-_-_-_-_-_-_-_-_-_-_-_-_-_-_-_-_-_-_-_-_-_-_-_
2026-08-28 01:54:11,974 - INFO - Iniciando extracción
2026-08-28 01:54:11,974 - INFO - Iniciando extracción ATM desde: C:\Users\allis\OneDrive\Documentos\Repoceleste_git\FinanData-DataGenerator\data\transactions\atm
2026-08-28 01:54:11,974 - INFO - Leyendo archivo: atm_20260824.csv
2026-08-28 01:54:11,983 - INFO - Archivo atm_20260824.csv: 1250 registros
2026-08-28 01:54:11,983 - INFO - Leyendo archivo: atm_20260825.csv
2026-08-28 01:54:11,989 - INFO - Archivo atm_20260825.csv: 1250 registros
2026-08-28 01:54:11,989 - INFO - Leyendo archivo: atm_20260826.csv
2026-08-28 01:54:11,995 - INFO - Archivo atm_20260826.csv: 1250 registros
2026-08-28 01:54:11,995 - INFO - Leyendo archivo: atm_20260827.csv
2026-08-28 01:54:12,000 - INFO - Archivo atm_20260827.csv: 1250 registros
2026-08-28 01:54:12,001 - INFO - Extracción ATM exitosa. Total registros: 5000
2026-08-28 01:54:12,001 - INFO - Extracción ATM finalizada: 5000 registros
2026-08-28 01:55:08,342 - INFO - -_-_-_-_-_-_-_-_-_-_-_-_-_-_-_-_-_-_-_-_-_-_-_-_-_-_-_-_-_-_-_-_-_-_-_-_-_-_-_-_-_-_-_-_-_-_-_-_-_-_-_-_-_-_-_-_-_-_-_-_
2026-08-28 01:55:08,342 - INFO - Iniciando extracción
2026-08-28 01:55:08,342 - INFO - Iniciando extracción ATM desde: C:\Users\allis\OneDrive\Documentos\Repoceleste_git\FinanData-DataGenerator\data\transactions\atm
2026-08-28 01:55:08,343 - INFO - Leyendo archivo: atm_20260824.csv
2026-08-28 01:55:08,353 - INFO - Archivo atm_20260824.csv: 1250 registros
2026-08-28 01:55:08,353 - INFO - Leyendo archivo: atm_20260825.csv
2026-08-28 01:55:08,359 - INFO - Archivo atm_20260825.csv: 1250 registros
2026-08-28 01:55:08,359 - INFO - Leyendo archivo: atm_20260826.csv
2026-08-28 01:55:08,366 - INFO - Archivo atm_20260826.csv: 1250 registros
2026-08-28 01:55:08,366 - INFO - Leyendo archivo: atm_20260827.csv
2026-08-28 01:55:08,372 - INFO - Archivo atm_20260827.csv: 1250 registros
2026-08-28 01:55:08,373 - INFO - Extracción ATM exitosa. Total registros: 5000
2026-08-28 01:55:08,373 - INFO - Extracción ATM finalizada: 5000 registros
2026-08-28 01:55:08,404 - INFO - Datos guardados en Bronze: C:\Users\allis\OneDrive\Documentos\Repoceleste_git\FinanData-DataOps\data\bronze\atm\atm_transactions.csv (5000 registros)
2026-08-28 01:55:08,404 - INFO - Iniciando la extracción API desde http://localhost:8000/transactions
2026-08-28 01:55:08,619 - INFO - Petición enviada a http://localhost:8000/transactions Código de estado: 200
2026-08-28 01:55:08,634 - INFO - Extracción exitosa de datos. Cantidad de transacciones: 5000
2026-08-28 01:55:08,644 - INFO - Creación exitosa del data frame, con 5000 filas y 8 columnas
2026-08-28 01:55:08,646 - INFO - Extracción API finalizada: 5000 registros
2026-08-28 01:55:08,676 - INFO - Datos guardados en Bronze: C:\Users\allis\OneDrive\Documentos\Repoceleste_git\FinanData-DataOps\data\bronze\api\api_transactions.csv (5000 registros)
2026-08-28 01:55:08,676 - INFO - Iniciando extracción ACH desde: C:\Users\allis\OneDrive\Documentos\Repoceleste_git\FinanData-DataGenerator\data\transactions\ach
2026-08-28 01:55:08,676 - INFO - Leyendo archivo: ach_20260824.csv
2026-08-28 01:55:08,684 - INFO - Archivo ach_20260824.csv: 1250 registros
2026-08-28 01:55:08,684 - INFO - Leyendo archivo: ach_20260825.csv
2026-08-28 01:55:08,691 - INFO - Archivo ach_20260825.csv: 1250 registros
2026-08-28 01:55:08,691 - INFO - Leyendo archivo: ach_20260826.csv
2026-08-28 01:55:08,699 - INFO - Archivo ach_20260826.csv: 1250 registros
2026-08-28 01:55:08,699 - INFO - Leyendo archivo: ach_20260827.csv
2026-08-28 01:55:08,711 - INFO - Archivo ach_20260827.csv: 1250 registros
2026-08-28 01:55:08,712 - INFO - Extracción ACH exitosa. Total registros: 5000
2026-08-28 01:55:08,712 - INFO - Extracción ACH finalizada: 5000 registros
2026-08-28 01:55:08,744 - INFO - Datos guardados en Bronze: C:\Users\allis\OneDrive\Documentos\Repoceleste_git\FinanData-DataOps\data\bronze\ach\ach_transactions.csv (5000 registros)
2026-08-28 01:55:08,744 - INFO - Extracción finalizada correctamente
2026-08-28 01:55:08,746 - INFO - -_-_-_-_-_-_-_-_-_-_-_-_-_-_-_-_-_-_-_-_-_-_-_-_-_-_-_-_-_-_-_-_-_-_-_-_-_-_-_-_-_-_-_-_-_-_-_-_-_-_-_-_-_-_-_-_-_-_-_-_
2026-08-28 02:04:44,731 - INFO - Iniciando validación de datos: ATM - 5000 registros
2026-08-28 02:04:44,767 - INFO - ATM: 4836 registros válidos
2026-08-28 02:04:44,767 - INFO - ATM: 164 registros rechazados
2026-08-28 02:04:44,767 - INFO - ATM: porcentaje de rechazo 3.28%
2026-08-28 02:04:44,767 - ERROR - ATM: el porcentaje de rechazo (3.28%) supera el máximo permitido (3.00%)
2026-08-28 02:05:31,040 - INFO - Iniciando validación de datos: ATM - 5000 registros
2026-08-28 02:05:31,073 - INFO - ATM: 4836 registros válidos
2026-08-28 02:05:31,074 - INFO - ATM: 164 registros rechazados
2026-08-28 02:05:31,074 - INFO - ATM: porcentaje de rechazo 3.28%
2026-08-28 02:05:31,075 - ERROR - ATM: el porcentaje de rechazo (3.28%) supera el máximo permitido (3.00%)
2026-08-28 02:06:18,404 - INFO - Iniciando validación de datos: ATM - 5000 registros
2026-08-28 02:06:18,416 - INFO - ATM: 4836 registros válidos
2026-08-28 02:06:18,416 - INFO - ATM: 164 registros rechazados
2026-08-28 02:06:18,416 - INFO - ATM: porcentaje de rechazo 3.28%
2026-08-28 02:06:18,416 - ERROR - ATM: el porcentaje de rechazo (3.28%) supera el máximo permitido (3.00%)
2026-08-28 02:09:03,404 - INFO - Iniciando validación de datos: ATM - 5000 registros
2026-08-28 02:09:03,419 - INFO - ATM: 4836 registros válidos
2026-08-28 02:09:03,419 - INFO - ATM: 164 registros rechazados
2026-08-28 02:09:03,419 - INFO - ATM: porcentaje de rechazo 3.28%
2026-08-28 02:09:03,419 - ERROR - ATM: el porcentaje de rechazo (3.28%) supera el máximo permitido (3.00%)
2026-08-28 02:09:03,419 - INFO - Validación ATM finalizada correctamente
2026-08-28 02:09:52,579 - INFO - Iniciando validación de datos: ACH - 5000 registros
2026-08-28 02:09:52,588 - INFO - ACH: 4830 registros válidos
2026-08-28 02:09:52,588 - INFO - ACH: 170 registros rechazados
2026-08-28 02:09:52,588 - INFO - ACH: porcentaje de rechazo 3.40%
2026-08-28 02:09:52,588 - ERROR - ACH: el porcentaje de rechazo (3.40%) supera el máximo permitido (3.00%)
2026-08-28 02:09:52,588 - INFO - Validación ACH finalizada correctamente
2026-08-28 02:09:59,129 - INFO - Iniciando validación de datos: API - 5000 registros
2026-08-28 02:09:59,150 - INFO - API: 4853 registros válidos
2026-08-28 02:09:59,150 - INFO - API: 147 registros rechazados
2026-08-28 02:09:59,150 - INFO - API: porcentaje de rechazo 2.94%
2026-08-28 02:09:59,150 - INFO - API: porcentaje de rechazo dentro del límite permitido (3.00%)
2026-08-28 02:09:59,150 - INFO - Validación API finalizada correctamente
2026-08-28 02:11:36,530 - INFO - Iniciando validación ATM: 5000 registros
2026-08-28 02:11:36,541 - INFO - ATM: total=5000
2026-08-28 02:11:36,541 - INFO - ATM: válidos=4836
2026-08-28 02:11:36,541 - INFO - ATM: rechazados=164
2026-08-28 02:11:36,541 - INFO - ATM: porcentaje rechazo=3.28%
2026-08-28 02:11:36,541 - ERROR - ATM: QUALITY GATE RECHAZADO. El porcentaje de rechazo (3.28%) supera el máximo permitido (3.00%)
2026-08-28 02:11:51,331 - INFO - Iniciando validación ACH: 5000 registros
2026-08-28 02:11:51,340 - INFO - ACH: total=5000
2026-08-28 02:11:51,340 - INFO - ACH: válidos=4830
2026-08-28 02:11:51,340 - INFO - ACH: rechazados=170
2026-08-28 02:11:51,340 - INFO - ACH: porcentaje rechazo=3.40%
2026-08-28 02:11:51,340 - ERROR - ACH: QUALITY GATE RECHAZADO. El porcentaje de rechazo (3.40%) supera el máximo permitido (3.00%)
2026-08-28 02:11:58,368 - INFO - Iniciando validación API: 5000 registros
2026-08-28 02:11:58,377 - INFO - API: total=5000
2026-08-28 02:11:58,377 - INFO - API: válidos=4853
2026-08-28 02:11:58,377 - INFO - API: rechazados=147
2026-08-28 02:11:58,377 - INFO - API: porcentaje rechazo=2.94%
2026-08-28 02:11:58,377 - INFO - API: QUALITY GATE APROBADO
2026-08-28 02:23:53,184 - INFO - ======================================================================
2026-08-28 02:23:53,185 - INFO - INICIO DEL PIPELINE FINANDATA-DATAOPS
2026-08-28 02:23:53,185 - INFO - ======================================================================
2026-08-28 02:23:53,185 - INFO - INICIANDO EXTRACCIÓN
2026-08-28 02:23:53,186 - INFO - Extrayendo ATM
2026-08-28 02:23:53,186 - INFO - Iniciando extracción ATM desde: C:\Users\allis\OneDrive\Documentos\Repoceleste_git\FinanData-DataGenerator\data\transactions\atm
2026-08-28 02:23:53,186 - INFO - Leyendo archivo: atm_20260824.csv
2026-08-28 02:23:53,194 - INFO - Archivo atm_20260824.csv: 1250 registros
2026-08-28 02:23:53,194 - INFO - Leyendo archivo: atm_20260825.csv
2026-08-28 02:23:53,199 - INFO - Archivo atm_20260825.csv: 1250 registros
2026-08-28 02:23:53,199 - INFO - Leyendo archivo: atm_20260826.csv
2026-08-28 02:23:53,206 - INFO - Archivo atm_20260826.csv: 1250 registros
2026-08-28 02:23:53,206 - INFO - Leyendo archivo: atm_20260827.csv
2026-08-28 02:23:53,211 - INFO - Archivo atm_20260827.csv: 1250 registros
2026-08-28 02:23:53,213 - INFO - Extracción ATM exitosa. Total registros: 5000
2026-08-28 02:23:53,213 - INFO - Extracción ATM finalizada: 5000 registros
2026-08-28 02:23:53,213 - INFO - Extrayendo ACH
2026-08-28 02:23:53,213 - INFO - Iniciando extracción ACH desde: C:\Users\allis\OneDrive\Documentos\Repoceleste_git\FinanData-DataGenerator\data\transactions\ach
2026-08-28 02:23:53,214 - INFO - Leyendo archivo: ach_20260824.csv
2026-08-28 02:23:53,221 - INFO - Archivo ach_20260824.csv: 1250 registros
2026-08-28 02:23:53,221 - INFO - Leyendo archivo: ach_20260825.csv
2026-08-28 02:23:53,229 - INFO - Archivo ach_20260825.csv: 1250 registros
2026-08-28 02:23:53,229 - INFO - Leyendo archivo: ach_20260826.csv
2026-08-28 02:23:53,236 - INFO - Archivo ach_20260826.csv: 1250 registros
2026-08-28 02:23:53,236 - INFO - Leyendo archivo: ach_20260827.csv
2026-08-28 02:23:53,242 - INFO - Archivo ach_20260827.csv: 1250 registros
2026-08-28 02:23:53,243 - INFO - Extracción ACH exitosa. Total registros: 5000
2026-08-28 02:23:53,243 - INFO - Extracción ACH finalizada: 5000 registros
2026-08-28 02:23:53,244 - INFO - Extrayendo API
2026-08-28 02:23:53,244 - INFO - Iniciando la extracción API desde C:\Users\allis\OneDrive\Documentos\Repoceleste_git\FinanData-DataGenerator\data\transactions\api
2026-08-28 02:23:53,248 - ERROR - Error durante la extracción API: No connection adapters were found for 'C:\\Users\\allis\\OneDrive\\Documentos\\Repoceleste_git\\FinanData-DataGenerator\\data\\transactions\\api'
2026-08-28 02:23:53,249 - ERROR - ERROR CRÍTICO DEL PIPELINE: No connection adapters were found for 'C:\\Users\\allis\\OneDrive\\Documentos\\Repoceleste_git\\FinanData-DataGenerator\\data\\transactions\\api'
2026-08-28 02:37:28,685 - INFO - Iniciando la extracción API desde http://localhost:8000/transactions
2026-08-28 02:37:28,781 - INFO - Petición enviada a http://localhost:8000/transactions Código de estado: 200
2026-08-28 02:37:28,788 - INFO - Extracción exitosa de datos. Cantidad de transacciones: 5000
2026-08-28 02:37:28,800 - INFO - Creación exitosa del data frame, con 5000 filas y 8 columnas
2026-08-28 02:55:45,624 - INFO - ======================================================================
2026-08-28 02:55:45,624 - INFO - INICIO DEL PIPELINE FINANDATA-DATAOPS
2026-08-28 02:55:45,624 - INFO - ======================================================================
2026-08-28 02:55:45,625 - INFO - INICIANDO EXTRACCIÓN
2026-08-28 02:55:45,625 - INFO - Extrayendo ATM
2026-08-28 02:55:45,625 - INFO - Iniciando extracción ATM desde: C:\Users\allis\OneDrive\Documentos\Repoceleste_git\FinanData-DataGenerator\data\transactions\atm
2026-08-28 02:55:45,626 - INFO - Leyendo archivo: atm_20260824.csv
2026-08-28 02:55:45,647 - INFO - Archivo atm_20260824.csv: 1250 registros
2026-08-28 02:55:45,647 - INFO - Leyendo archivo: atm_20260825.csv
2026-08-28 02:55:45,660 - INFO - Archivo atm_20260825.csv: 1250 registros
2026-08-28 02:55:45,661 - INFO - Leyendo archivo: atm_20260826.csv
2026-08-28 02:55:45,676 - INFO - Archivo atm_20260826.csv: 1250 registros
2026-08-28 02:55:45,677 - INFO - Leyendo archivo: atm_20260827.csv
2026-08-28 02:55:45,696 - INFO - Archivo atm_20260827.csv: 1250 registros
2026-08-28 02:55:45,697 - INFO - Extracción ATM exitosa. Total registros: 5000
2026-08-28 02:55:45,698 - INFO - Extracción ATM finalizada: 5000 registros
2026-08-28 02:55:45,698 - INFO - Extrayendo ACH
2026-08-28 02:55:45,698 - INFO - Iniciando extracción ACH desde: C:\Users\allis\OneDrive\Documentos\Repoceleste_git\FinanData-DataGenerator\data\transactions\ach
2026-08-28 02:55:45,698 - INFO - Leyendo archivo: ach_20260824.csv
2026-08-28 02:55:45,713 - INFO - Archivo ach_20260824.csv: 1250 registros
2026-08-28 02:55:45,713 - INFO - Leyendo archivo: ach_20260825.csv
2026-08-28 02:55:45,730 - INFO - Archivo ach_20260825.csv: 1250 registros
2026-08-28 02:55:45,730 - INFO - Leyendo archivo: ach_20260826.csv
2026-08-28 02:55:45,747 - INFO - Archivo ach_20260826.csv: 1250 registros
2026-08-28 02:55:45,747 - INFO - Leyendo archivo: ach_20260827.csv
2026-08-28 02:55:45,767 - INFO - Archivo ach_20260827.csv: 1250 registros
2026-08-28 02:55:45,767 - INFO - Extracción ACH exitosa. Total registros: 5000
2026-08-28 02:55:45,767 - INFO - Extracción ACH finalizada: 5000 registros
2026-08-28 02:55:45,767 - INFO - Extrayendo API
2026-08-28 02:55:45,767 - INFO - Iniciando la extracción API desde http://localhost:8000/transactions
2026-08-28 02:55:45,925 - INFO - Petición enviada a http://localhost:8000/transactions Código de estado: 200
2026-08-28 02:55:45,935 - INFO - Extracción exitosa de datos. Cantidad de transacciones: 5000
2026-08-28 02:55:45,946 - INFO - Creación exitosa del data frame, con 5000 filas y 8 columnas
2026-08-28 02:55:45,948 - INFO - Extracción API finalizada: 5000 registros
2026-08-28 02:55:45,948 - INFO - EXTRACCIÓN FINALIZADA CORRECTAMENTE
2026-08-28 02:55:45,948 - INFO - ======================================================================
2026-08-28 02:55:45,948 - INFO - INICIANDO CDC + BRONZE
2026-08-28 02:55:45,948 - INFO - ======================================================================
2026-08-28 02:55:45,948 - INFO - ATM: iniciando CDC
2026-08-28 02:55:45,948 - INFO - ATM: iniciando CDC
2026-08-28 02:55:45,998 - INFO - ATM: histórico Bronze: 5000 registros
2026-08-28 02:55:46,022 - ERROR - ERROR CRÍTICO DEL PIPELINE: The truth value of a Series is ambiguous. Use a.empty, a.bool(), a.item(), a.any() or a.all().
2026-08-28 02:58:41,916 - INFO - ======================================================================
2026-08-28 02:58:41,916 - INFO - INICIO DEL PIPELINE FINANDATA-DATAOPS
2026-08-28 02:58:41,916 - INFO - ======================================================================
2026-08-28 02:58:41,916 - INFO - INICIANDO EXTRACCIÓN
2026-08-28 02:58:41,916 - INFO - Extrayendo ATM
2026-08-28 02:58:41,917 - INFO - Iniciando extracción ATM desde: C:\Users\allis\OneDrive\Documentos\Repoceleste_git\FinanData-DataGenerator\data\transactions\atm
2026-08-28 02:58:41,917 - INFO - Leyendo archivo: atm_20260824.csv
2026-08-28 02:58:41,923 - INFO - Archivo atm_20260824.csv: 1250 registros
2026-08-28 02:58:41,923 - INFO - Leyendo archivo: atm_20260825.csv
2026-08-28 02:58:41,927 - INFO - Archivo atm_20260825.csv: 1250 registros
2026-08-28 02:58:41,927 - INFO - Leyendo archivo: atm_20260826.csv
2026-08-28 02:58:41,931 - INFO - Archivo atm_20260826.csv: 1250 registros
2026-08-28 02:58:41,931 - INFO - Leyendo archivo: atm_20260827.csv
2026-08-28 02:58:41,935 - INFO - Archivo atm_20260827.csv: 1250 registros
2026-08-28 02:58:41,936 - INFO - Extracción ATM exitosa. Total registros: 5000
2026-08-28 02:58:41,936 - INFO - Extracción ATM finalizada: 5000 registros
2026-08-28 02:58:41,936 - INFO - Extrayendo ACH
2026-08-28 02:58:41,936 - INFO - Iniciando extracción ACH desde: C:\Users\allis\OneDrive\Documentos\Repoceleste_git\FinanData-DataGenerator\data\transactions\ach
2026-08-28 02:58:41,936 - INFO - Leyendo archivo: ach_20260824.csv
2026-08-28 02:58:41,940 - INFO - Archivo ach_20260824.csv: 1250 registros
2026-08-28 02:58:41,940 - INFO - Leyendo archivo: ach_20260825.csv
2026-08-28 02:58:41,944 - INFO - Archivo ach_20260825.csv: 1250 registros
2026-08-28 02:58:41,944 - INFO - Leyendo archivo: ach_20260826.csv
2026-08-28 02:58:41,948 - INFO - Archivo ach_20260826.csv: 1250 registros
2026-08-28 02:58:41,948 - INFO - Leyendo archivo: ach_20260827.csv
2026-08-28 02:58:41,952 - INFO - Archivo ach_20260827.csv: 1250 registros
2026-08-28 02:58:41,952 - INFO - Extracción ACH exitosa. Total registros: 5000
2026-08-28 02:58:41,952 - INFO - Extracción ACH finalizada: 5000 registros
2026-08-28 02:58:41,952 - INFO - Extrayendo API
2026-08-28 02:58:41,952 - INFO - Iniciando la extracción API desde http://localhost:8000/transactions
2026-08-28 02:58:42,067 - INFO - Petición enviada a http://localhost:8000/transactions Código de estado: 200
2026-08-28 02:58:42,074 - INFO - Extracción exitosa de datos. Cantidad de transacciones: 5000
2026-08-28 02:58:42,079 - INFO - Creación exitosa del data frame, con 5000 filas y 8 columnas
2026-08-28 02:58:42,080 - INFO - Extracción API finalizada: 5000 registros
2026-08-28 02:58:42,080 - INFO - EXTRACCIÓN FINALIZADA CORRECTAMENTE
2026-08-28 02:58:42,080 - INFO - ======================================================================
2026-08-28 02:58:42,080 - INFO - INICIANDO CDC + BRONZE
2026-08-28 02:58:42,081 - INFO - ======================================================================
2026-08-28 02:58:42,081 - INFO - ATM: iniciando CDC
2026-08-28 02:58:42,081 - INFO - ATM: iniciando CDC
2026-08-28 02:58:42,102 - INFO - ATM: histórico Bronze: 4948 registros
2026-08-28 02:58:42,536 - INFO - ATM: CDC INSERT=0, UPDATE=0
2026-08-28 02:58:42,536 - INFO - ATM: total cambios detectados=0
2026-08-28 02:58:42,537 - INFO - ATM: no se detectaron cambios mediante CDC
2026-08-28 02:58:42,555 - INFO - Archivo generado: C:\Users\allis\OneDrive\Documentos\Repoceleste_git\FinanData-DataOps\data\bronze\atm\atm_transactions.csv (5000 registros)
2026-08-28 02:58:42,555 - INFO - ACH: iniciando CDC
2026-08-28 02:58:42,555 - INFO - ACH: iniciando CDC
2026-08-28 02:58:42,604 - INFO - ACH: histórico Bronze: 4945 registros
2026-08-28 02:58:43,005 - INFO - ACH: CDC INSERT=0, UPDATE=0
2026-08-28 02:58:43,005 - INFO - ACH: total cambios detectados=0
2026-08-28 02:58:43,005 - INFO - ACH: no se detectaron cambios mediante CDC
2026-08-28 02:58:43,019 - INFO - Archivo generado: C:\Users\allis\OneDrive\Documentos\Repoceleste_git\FinanData-DataOps\data\bronze\ach\ach_transactions.csv (5000 registros)
2026-08-28 02:58:43,019 - INFO - API: iniciando CDC
2026-08-28 02:58:43,019 - INFO - API: iniciando CDC
2026-08-28 02:58:43,050 - INFO - API: histórico Bronze: 4951 registros
2026-08-28 02:58:43,434 - INFO - API: CDC INSERT=0, UPDATE=5
2026-08-28 02:58:43,434 - INFO - API: total cambios detectados=5
2026-08-28 02:58:43,436 - INFO - Archivo generado: C:\Users\allis\OneDrive\Documentos\Repoceleste_git\FinanData-DataOps\data\bronze\api\api_cdc.csv (5 registros)
2026-08-28 02:58:43,444 - INFO - Archivo generado: C:\Users\allis\OneDrive\Documentos\Repoceleste_git\FinanData-DataOps\data\bronze\api\api_transactions.csv (5000 registros)
2026-08-28 02:58:43,444 - INFO - ======================================================================
2026-08-28 02:58:43,444 - INFO - INICIANDO VALIDACIÓN
2026-08-28 02:58:43,444 - INFO - ======================================================================
2026-08-28 02:58:43,444 - INFO - Procesando validación de ATM
2026-08-28 02:58:43,444 - INFO - Iniciando validación ATM: 5000 registros
2026-08-28 02:58:43,458 - INFO - ATM: total=5000
2026-08-28 02:58:43,458 - INFO - ATM: válidos=4836
2026-08-28 02:58:43,458 - INFO - ATM: rechazados=164
2026-08-28 02:58:43,458 - INFO - ATM: porcentaje rechazo=3.28%
2026-08-28 02:58:43,458 - ERROR - ATM: QUALITY GATE RECHAZADO. El porcentaje de rechazo (3.28%) supera el máximo permitido (3.00%)
2026-08-28 02:58:43,467 - INFO - Archivo generado: C:\Users\allis\OneDrive\Documentos\Repoceleste_git\FinanData-DataOps\data\rejected\atm\atm_rejected.csv (164 registros)
2026-08-28 02:58:43,467 - ERROR - ATM: QUALITY GATE RECHAZADO
2026-08-28 02:58:43,467 - ERROR - ATM: porcentaje de rechazo 3.28%
2026-08-28 02:58:43,467 - ERROR - ATM: los registros válidos NO continúan a Processed
2026-08-28 02:58:43,467 - INFO - Procesando validación de ACH
2026-08-28 02:58:43,467 - INFO - Iniciando validación ACH: 5000 registros
2026-08-28 02:58:43,469 - INFO - ACH: total=5000
2026-08-28 02:58:43,474 - INFO - ACH: válidos=4830
2026-08-28 02:58:43,474 - INFO - ACH: rechazados=170
2026-08-28 02:58:43,474 - INFO - ACH: porcentaje rechazo=3.40%
2026-08-28 02:58:43,474 - ERROR - ACH: QUALITY GATE RECHAZADO. El porcentaje de rechazo (3.40%) supera el máximo permitido (3.00%)
2026-08-28 02:58:43,474 - INFO - Archivo generado: C:\Users\allis\OneDrive\Documentos\Repoceleste_git\FinanData-DataOps\data\rejected\ach\ach_rejected.csv (170 registros)
2026-08-28 02:58:43,474 - ERROR - ACH: QUALITY GATE RECHAZADO
2026-08-28 02:58:43,474 - ERROR - ACH: porcentaje de rechazo 3.40%
2026-08-28 02:58:43,474 - ERROR - ACH: los registros válidos NO continúan a Processed
2026-08-28 02:58:43,474 - INFO - Procesando validación de API
2026-08-28 02:58:43,474 - INFO - Iniciando validación API: 5000 registros
2026-08-28 02:58:43,474 - INFO - API: total=5000
2026-08-28 02:58:43,474 - INFO - API: válidos=4858
2026-08-28 02:58:43,474 - INFO - API: rechazados=142
2026-08-28 02:58:43,474 - INFO - API: porcentaje rechazo=2.84%
2026-08-28 02:58:43,474 - INFO - API: QUALITY GATE APROBADO
2026-08-28 02:58:43,474 - INFO - Archivo generado: C:\Users\allis\OneDrive\Documentos\Repoceleste_git\FinanData-DataOps\data\rejected\api\api_rejected.csv (142 registros)
2026-08-28 02:58:43,496 - INFO - Archivo generado: C:\Users\allis\OneDrive\Documentos\Repoceleste_git\FinanData-DataOps\data\processed\api\api_validated.csv (4858 registros)
2026-08-28 02:58:43,496 - INFO - API: QUALITY GATE APROBADO
2026-08-28 02:58:43,496 - INFO - API: 4858 registros continúan a Processed
2026-08-28 02:58:43,496 - INFO - ======================================================================
2026-08-28 02:58:43,496 - INFO - PIPELINE FINALIZADO
2026-08-28 02:58:43,496 - INFO - ======================================================================
2026-08-28 03:04:06,542 - INFO - ======================================================================
2026-08-28 03:04:06,543 - INFO - INICIO DEL PIPELINE FINANDATA-DATAOPS
2026-08-28 03:04:06,543 - INFO - ======================================================================
2026-08-28 03:04:06,544 - INFO - INICIANDO EXTRACCIÓN
2026-08-28 03:04:06,544 - INFO - Extrayendo ATM
2026-08-28 03:04:06,544 - INFO - Iniciando extracción ATM desde: C:\Users\allis\OneDrive\Documentos\Repoceleste_git\FinanData-DataGenerator\data\transactions\atm
2026-08-28 03:04:06,545 - INFO - Leyendo archivo: atm_20260824.csv
2026-08-28 03:04:06,555 - INFO - Archivo atm_20260824.csv: 1250 registros
2026-08-28 03:04:06,555 - INFO - Leyendo archivo: atm_20260825.csv
2026-08-28 03:04:06,560 - INFO - Archivo atm_20260825.csv: 1250 registros
2026-08-28 03:04:06,560 - INFO - Leyendo archivo: atm_20260826.csv
2026-08-28 03:04:06,565 - INFO - Archivo atm_20260826.csv: 1250 registros
2026-08-28 03:04:06,566 - INFO - Leyendo archivo: atm_20260827.csv
2026-08-28 03:04:06,570 - INFO - Archivo atm_20260827.csv: 1250 registros
2026-08-28 03:04:06,571 - INFO - Extracción ATM exitosa. Total registros: 5000
2026-08-28 03:04:06,571 - INFO - Extracción ATM finalizada: 5000 registros
2026-08-28 03:04:06,571 - INFO - Extrayendo ACH
2026-08-28 03:04:06,571 - INFO - Iniciando extracción ACH desde: C:\Users\allis\OneDrive\Documentos\Repoceleste_git\FinanData-DataGenerator\data\transactions\ach
2026-08-28 03:04:06,572 - INFO - Leyendo archivo: ach_20260824.csv
2026-08-28 03:04:06,576 - INFO - Archivo ach_20260824.csv: 1250 registros
2026-08-28 03:04:06,576 - INFO - Leyendo archivo: ach_20260825.csv
2026-08-28 03:04:06,581 - INFO - Archivo ach_20260825.csv: 1250 registros
2026-08-28 03:04:06,581 - INFO - Leyendo archivo: ach_20260826.csv
2026-08-28 03:04:06,585 - INFO - Archivo ach_20260826.csv: 1250 registros
2026-08-28 03:04:06,585 - INFO - Leyendo archivo: ach_20260827.csv
2026-08-28 03:04:06,590 - INFO - Archivo ach_20260827.csv: 1250 registros
2026-08-28 03:04:06,590 - INFO - Extracción ACH exitosa. Total registros: 5000
2026-08-28 03:04:06,590 - INFO - Extracción ACH finalizada: 5000 registros
2026-08-28 03:04:06,590 - INFO - Extrayendo API
2026-08-28 03:04:06,590 - INFO - Iniciando la extracción API desde http://localhost:8000/transactions
2026-08-28 03:04:06,719 - INFO - Petición enviada a http://localhost:8000/transactions Código de estado: 200
2026-08-28 03:04:06,725 - INFO - Extracción exitosa de datos. Cantidad de transacciones: 5000
2026-08-28 03:04:06,728 - INFO - Creación exitosa del data frame, con 5000 filas y 8 columnas
2026-08-28 03:04:06,729 - INFO - Extracción API finalizada: 5000 registros
2026-08-28 03:04:06,729 - INFO - EXTRACCIÓN FINALIZADA CORRECTAMENTE
2026-08-28 03:04:06,729 - INFO - ======================================================================
2026-08-28 03:04:06,729 - INFO - INICIANDO CDC + BRONZE
2026-08-28 03:04:06,729 - INFO - ======================================================================
2026-08-28 03:04:06,729 - INFO - ATM: iniciando CDC
2026-08-28 03:04:06,729 - INFO - ATM: iniciando CDC
2026-08-28 03:04:06,750 - INFO - ATM: histórico Bronze: 4948 registros
2026-08-28 03:04:07,123 - INFO - ATM: CDC INSERT=0, UPDATE=0
2026-08-28 03:04:07,124 - INFO - ATM: total cambios detectados=0
2026-08-28 03:04:07,126 - INFO - ATM: no se detectaron cambios mediante CDC
2026-08-28 03:04:07,140 - INFO - Archivo generado: C:\Users\allis\OneDrive\Documentos\Repoceleste_git\FinanData-DataOps\data\bronze\atm\atm_transactions.csv (5000 registros)
2026-08-28 03:04:07,140 - INFO - ACH: iniciando CDC
2026-08-28 03:04:07,140 - INFO - ACH: iniciando CDC
2026-08-28 03:04:07,184 - INFO - ACH: histórico Bronze: 4945 registros
2026-08-28 03:04:07,558 - INFO - ACH: CDC INSERT=0, UPDATE=0
2026-08-28 03:04:07,558 - INFO - ACH: total cambios detectados=0
2026-08-28 03:04:07,559 - INFO - ACH: no se detectaron cambios mediante CDC
2026-08-28 03:04:07,571 - INFO - Archivo generado: C:\Users\allis\OneDrive\Documentos\Repoceleste_git\FinanData-DataOps\data\bronze\ach\ach_transactions.csv (5000 registros)
2026-08-28 03:04:07,571 - INFO - API: iniciando CDC
2026-08-28 03:04:07,572 - INFO - API: iniciando CDC
2026-08-28 03:04:07,598 - INFO - API: histórico Bronze: 4951 registros
2026-08-28 03:04:07,962 - INFO - API: CDC INSERT=0, UPDATE=5
2026-08-28 03:04:07,962 - INFO - API: total cambios detectados=5
2026-08-28 03:04:07,965 - INFO - Archivo generado: C:\Users\allis\OneDrive\Documentos\Repoceleste_git\FinanData-DataOps\data\bronze\api\api_cdc.csv (5 registros)
2026-08-28 03:04:07,978 - INFO - Archivo generado: C:\Users\allis\OneDrive\Documentos\Repoceleste_git\FinanData-DataOps\data\bronze\api\api_transactions.csv (5000 registros)
2026-08-28 03:04:07,978 - INFO - ======================================================================
2026-08-28 03:04:07,978 - INFO - INICIANDO VALIDACIÓN
2026-08-28 03:04:07,978 - INFO - ======================================================================
2026-08-28 03:04:07,978 - INFO - Procesando validación de ATM
2026-08-28 03:04:07,978 - INFO - Iniciando validación ATM: 5000 registros
2026-08-28 03:04:07,988 - INFO - ATM: total=5000
2026-08-28 03:04:07,988 - INFO - ATM: válidos=4836
2026-08-28 03:04:07,988 - INFO - ATM: rechazados=164
2026-08-28 03:04:07,988 - INFO - ATM: porcentaje rechazo=3.28%
2026-08-28 03:04:07,988 - ERROR - ATM: QUALITY GATE RECHAZADO. El porcentaje de rechazo (3.28%) supera el máximo permitido (3.00%)
2026-08-28 03:04:07,990 - INFO - Archivo generado: C:\Users\allis\OneDrive\Documentos\Repoceleste_git\FinanData-DataOps\data\rejected\atm\atm_rejected.csv (164 registros)
2026-08-28 03:04:07,990 - ERROR - ATM: QUALITY GATE RECHAZADO
2026-08-28 03:04:07,990 - ERROR - ATM: porcentaje de rechazo 3.28%
2026-08-28 03:04:07,990 - ERROR - ATM: los registros válidos NO continúan a Processed
2026-08-28 03:04:07,991 - INFO - Procesando validación de ACH
2026-08-28 03:04:07,991 - INFO - Iniciando validación ACH: 5000 registros
2026-08-28 03:04:07,998 - INFO - ACH: total=5000
2026-08-28 03:04:07,998 - INFO - ACH: válidos=4830
2026-08-28 03:04:07,998 - INFO - ACH: rechazados=170
2026-08-28 03:04:07,998 - INFO - ACH: porcentaje rechazo=3.40%
2026-08-28 03:04:07,998 - ERROR - ACH: QUALITY GATE RECHAZADO. El porcentaje de rechazo (3.40%) supera el máximo permitido (3.00%)
2026-08-28 03:04:08,000 - INFO - Archivo generado: C:\Users\allis\OneDrive\Documentos\Repoceleste_git\FinanData-DataOps\data\rejected\ach\ach_rejected.csv (170 registros)
2026-08-28 03:04:08,000 - ERROR - ACH: QUALITY GATE RECHAZADO
2026-08-28 03:04:08,000 - ERROR - ACH: porcentaje de rechazo 3.40%
2026-08-28 03:04:08,000 - ERROR - ACH: los registros válidos NO continúan a Processed
2026-08-28 03:04:08,000 - INFO - Procesando validación de API
2026-08-28 03:04:08,000 - INFO - Iniciando validación API: 5000 registros
2026-08-28 03:04:08,006 - INFO - API: total=5000
2026-08-28 03:04:08,007 - INFO - API: válidos=4858
2026-08-28 03:04:08,007 - INFO - API: rechazados=142
2026-08-28 03:04:08,007 - INFO - API: porcentaje rechazo=2.84%
2026-08-28 03:04:08,007 - INFO - API: QUALITY GATE APROBADO
2026-08-28 03:04:08,009 - INFO - Archivo generado: C:\Users\allis\OneDrive\Documentos\Repoceleste_git\FinanData-DataOps\data\rejected\api\api_rejected.csv (142 registros)
2026-08-28 03:04:08,023 - INFO - Archivo generado: C:\Users\allis\OneDrive\Documentos\Repoceleste_git\FinanData-DataOps\data\processed\api\api_validated.csv (4858 registros)
2026-08-28 03:04:08,024 - INFO - API: QUALITY GATE APROBADO
2026-08-28 03:04:08,024 - INFO - API: 4858 registros continúan a Processed
2026-08-28 03:04:08,025 - INFO - ======================================================================
2026-08-28 03:04:08,025 - INFO - PIPELINE FINALIZADO
2026-08-28 03:04:08,025 - INFO - ======================================================================
2026-08-28 03:40:39,465 - INFO - ======================================================================
2026-08-28 03:40:39,465 - INFO - INICIO DEL PIPELINE FINANDATA-DATAOPS
2026-08-28 03:40:39,466 - INFO - ======================================================================
2026-08-28 03:40:39,466 - INFO - ======================================================================
2026-08-28 03:40:39,466 - INFO - INICIANDO EXTRACCIÓN
2026-08-28 03:40:39,466 - INFO - ======================================================================
2026-08-28 03:40:39,467 - INFO - Extrayendo ATM
2026-08-28 03:40:39,467 - INFO - Iniciando extracción ATM desde: C:\Users\allis\OneDrive\Documentos\Repoceleste_git\FinanData-DataGenerator\data\transactions\atm
2026-08-28 03:40:39,468 - INFO - Leyendo archivo: atm_20260824.csv
2026-08-28 03:40:39,479 - INFO - Archivo atm_20260824.csv: 1250 registros
2026-08-28 03:40:39,484 - INFO - Leyendo archivo: atm_20260825.csv
2026-08-28 03:40:39,486 - INFO - Archivo atm_20260825.csv: 1250 registros
2026-08-28 03:40:39,486 - INFO - Leyendo archivo: atm_20260826.csv
2026-08-28 03:40:39,493 - INFO - Archivo atm_20260826.csv: 1250 registros
2026-08-28 03:40:39,493 - INFO - Leyendo archivo: atm_20260827.csv
2026-08-28 03:40:39,497 - INFO - Archivo atm_20260827.csv: 1250 registros
2026-08-28 03:40:39,498 - INFO - Extracción ATM exitosa. Total registros: 5000
2026-08-28 03:40:39,499 - INFO - Extracción ATM finalizada: 5000 registros
2026-08-28 03:40:39,499 - INFO - Extrayendo ACH
2026-08-28 03:40:39,499 - INFO - Iniciando extracción ACH desde: C:\Users\allis\OneDrive\Documentos\Repoceleste_git\FinanData-DataGenerator\data\transactions\ach
2026-08-28 03:40:39,500 - INFO - Leyendo archivo: ach_20260824.csv
2026-08-28 03:40:39,504 - INFO - Archivo ach_20260824.csv: 1250 registros
2026-08-28 03:40:39,504 - INFO - Leyendo archivo: ach_20260825.csv
2026-08-28 03:40:39,508 - INFO - Archivo ach_20260825.csv: 1250 registros
2026-08-28 03:40:39,508 - INFO - Leyendo archivo: ach_20260826.csv
2026-08-28 03:40:39,513 - INFO - Archivo ach_20260826.csv: 1250 registros
2026-08-28 03:40:39,513 - INFO - Leyendo archivo: ach_20260827.csv
2026-08-28 03:40:39,517 - INFO - Archivo ach_20260827.csv: 1250 registros
2026-08-28 03:40:39,518 - INFO - Extracción ACH exitosa. Total registros: 5000
2026-08-28 03:40:39,518 - INFO - Extracción ACH finalizada: 5000 registros
2026-08-28 03:40:39,518 - INFO - Extrayendo API
2026-08-28 03:40:39,518 - INFO - Iniciando la extracción API desde http://localhost:8000/transactions
2026-08-28 03:40:39,693 - INFO - Petición enviada a http://localhost:8000/transactions Código de estado: 200
2026-08-28 03:40:39,697 - INFO - Extracción exitosa de datos. Cantidad de transacciones: 5000
2026-08-28 03:40:39,710 - INFO - Creación exitosa del data frame, con 5000 filas y 8 columnas
2026-08-28 03:40:39,710 - INFO - Extracción API finalizada: 5000 registros
2026-08-28 03:40:39,713 - INFO - EXTRACCIÓN FINALIZADA CORRECTAMENTE
2026-08-28 03:40:39,713 - INFO - ======================================================================
2026-08-28 03:40:39,713 - INFO - INICIANDO CDC + BRONZE
2026-08-28 03:40:39,713 - INFO - ======================================================================
2026-08-28 03:40:39,713 - INFO - ATM: iniciando CDC
2026-08-28 03:40:39,713 - INFO - ATM: iniciando CDC
2026-08-28 03:40:39,743 - INFO - ATM: histórico Bronze: 4948 registros
2026-08-28 03:40:40,393 - INFO - ATM: CDC INSERT=0, UPDATE=0
2026-08-28 03:40:40,393 - INFO - ATM: total cambios detectados=0
2026-08-28 03:40:40,418 - INFO - Archivo generado: C:\Users\allis\OneDrive\Documentos\Repoceleste_git\FinanData-DataOps\data\bronze\atm\atm_transactions.csv (5000 registros)
2026-08-28 03:40:40,418 - INFO - ACH: iniciando CDC
2026-08-28 03:40:40,418 - INFO - ACH: iniciando CDC
2026-08-28 03:40:40,468 - INFO - ACH: histórico Bronze: 4945 registros
2026-08-28 03:40:41,246 - INFO - ACH: CDC INSERT=0, UPDATE=0
2026-08-28 03:40:41,246 - INFO - ACH: total cambios detectados=0
2026-08-28 03:40:41,270 - INFO - Archivo generado: C:\Users\allis\OneDrive\Documentos\Repoceleste_git\FinanData-DataOps\data\bronze\ach\ach_transactions.csv (5000 registros)
2026-08-28 03:40:41,270 - INFO - API: iniciando CDC
2026-08-28 03:40:41,270 - INFO - API: iniciando CDC
2026-08-28 03:40:41,307 - INFO - API: histórico Bronze: 4951 registros
2026-08-28 03:40:42,046 - INFO - API: CDC INSERT=0, UPDATE=5
2026-08-28 03:40:42,047 - INFO - API: total cambios detectados=5
2026-08-28 03:40:42,049 - INFO - Archivo generado: C:\Users\allis\OneDrive\Documentos\Repoceleste_git\FinanData-DataOps\data\bronze\api\api_cdc.csv (5 registros)
2026-08-28 03:40:42,063 - INFO - Archivo generado: C:\Users\allis\OneDrive\Documentos\Repoceleste_git\FinanData-DataOps\data\bronze\api\api_transactions.csv (5000 registros)
2026-08-28 03:40:42,063 - INFO - ======================================================================
2026-08-28 03:40:42,063 - INFO - INICIANDO VALIDACIÓN
2026-08-28 03:40:42,063 - INFO - ======================================================================
2026-08-28 03:40:42,063 - INFO - Procesando validación de ATM
2026-08-28 03:40:42,063 - INFO - Iniciando validación ATM: 5000 registros
2026-08-28 03:40:42,160 - INFO - ATM: ejecutando Great Expectations
2026-08-28 03:40:42,553 - WARNING - ATM: Great Expectations detectó incumplimientos
2026-08-28 03:40:42,554 - INFO - ATM: total=5000
2026-08-28 03:40:42,554 - INFO - ATM: válidos=4836
2026-08-28 03:40:42,554 - INFO - ATM: rechazados=164
2026-08-28 03:40:42,554 - INFO - ATM: porcentaje rechazo=3.28%
2026-08-28 03:40:42,554 - ERROR - ATM: QUALITY GATE RECHAZADO. El porcentaje de rechazo (3.28%) supera el máximo permitido (3.00%)
2026-08-28 03:40:42,558 - INFO - Archivo generado: C:\Users\allis\OneDrive\Documentos\Repoceleste_git\FinanData-DataOps\data\rejected\atm\atm_rejected.csv (164 registros)
2026-08-28 03:40:42,558 - ERROR - ATM: validación Great Expectations RECHAZADA
2026-08-28 03:40:42,558 - ERROR - ATM: los registros válidos NO continúan a Processed
2026-08-28 03:40:42,558 - INFO - Procesando validación de ACH
2026-08-28 03:40:42,559 - INFO - Iniciando validación ACH: 5000 registros
2026-08-28 03:40:42,621 - INFO - ACH: ejecutando Great Expectations
2026-08-28 03:40:42,870 - WARNING - ACH: Great Expectations detectó incumplimientos
2026-08-28 03:40:42,870 - INFO - ACH: total=5000
2026-08-28 03:40:42,870 - INFO - ACH: válidos=4830
2026-08-28 03:40:42,871 - INFO - ACH: rechazados=170
2026-08-28 03:40:42,871 - INFO - ACH: porcentaje rechazo=3.40%
2026-08-28 03:40:42,871 - ERROR - ACH: QUALITY GATE RECHAZADO. El porcentaje de rechazo (3.40%) supera el máximo permitido (3.00%)
2026-08-28 03:40:42,873 - INFO - Archivo generado: C:\Users\allis\OneDrive\Documentos\Repoceleste_git\FinanData-DataOps\data\rejected\ach\ach_rejected.csv (170 registros)
2026-08-28 03:40:42,873 - ERROR - ACH: validación Great Expectations RECHAZADA
2026-08-28 03:40:42,873 - ERROR - ACH: los registros válidos NO continúan a Processed
2026-08-28 03:40:42,873 - INFO - Procesando validación de API
2026-08-28 03:40:42,873 - INFO - Iniciando validación API: 5000 registros
2026-08-28 03:40:42,919 - INFO - API: ejecutando Great Expectations
2026-08-28 03:40:43,187 - WARNING - API: Great Expectations detectó incumplimientos
2026-08-28 03:40:43,187 - INFO - API: total=5000
2026-08-28 03:40:43,187 - INFO - API: válidos=4858
2026-08-28 03:40:43,187 - INFO - API: rechazados=142
2026-08-28 03:40:43,187 - INFO - API: porcentaje rechazo=2.84%
2026-08-28 03:40:43,187 - INFO - API: QUALITY GATE APROBADO
2026-08-28 03:40:43,189 - INFO - Archivo generado: C:\Users\allis\OneDrive\Documentos\Repoceleste_git\FinanData-DataOps\data\rejected\api\api_rejected.csv (142 registros)
2026-08-28 03:40:43,189 - INFO - API: QUALITY GATE APROBADO
2026-08-28 03:40:43,189 - INFO - API: porcentaje de rechazo 2.84% dentro del límite permitido (3.00%)
2026-08-28 03:40:43,207 - INFO - Archivo generado: C:\Users\allis\OneDrive\Documentos\Repoceleste_git\FinanData-DataOps\data\processed\api\api_validated.csv (4858 registros)
2026-08-28 03:40:43,207 - INFO - API: datos enviados a Processed
2026-08-28 03:40:43,207 - INFO - ======================================================================
2026-08-28 03:40:43,207 - INFO - PIPELINE FINALIZADO
2026-08-28 03:40:43,208 - INFO - ======================================================================
2026-08-28 03:41:52,181 - INFO - ======================================================================
2026-08-28 03:41:52,182 - INFO - INICIO DEL PIPELINE FINANDATA-DATAOPS
2026-08-28 03:41:52,182 - INFO - ======================================================================
2026-08-28 03:41:52,182 - INFO - ======================================================================
2026-08-28 03:41:52,182 - INFO - INICIANDO EXTRACCIÓN
2026-08-28 03:41:52,182 - INFO - ======================================================================
2026-08-28 03:41:52,182 - INFO - Extrayendo ATM
2026-08-28 03:41:52,183 - INFO - Iniciando extracción ATM desde: C:\Users\allis\OneDrive\Documentos\Repoceleste_git\FinanData-DataGenerator\data\transactions\atm
2026-08-28 03:41:52,183 - INFO - Leyendo archivo: atm_20260824.csv
2026-08-28 03:41:52,194 - INFO - Archivo atm_20260824.csv: 1250 registros
2026-08-28 03:41:52,194 - INFO - Leyendo archivo: atm_20260825.csv
2026-08-28 03:41:52,199 - INFO - Archivo atm_20260825.csv: 1250 registros
2026-08-28 03:41:52,199 - INFO - Leyendo archivo: atm_20260826.csv
2026-08-28 03:41:52,202 - INFO - Archivo atm_20260826.csv: 1250 registros
2026-08-28 03:41:52,203 - INFO - Leyendo archivo: atm_20260827.csv
2026-08-28 03:41:52,206 - INFO - Archivo atm_20260827.csv: 1250 registros
2026-08-28 03:41:52,207 - INFO - Extracción ATM exitosa. Total registros: 5000
2026-08-28 03:41:52,207 - INFO - Extracción ATM finalizada: 5000 registros
2026-08-28 03:41:52,207 - INFO - Extrayendo ACH
2026-08-28 03:41:52,207 - INFO - Iniciando extracción ACH desde: C:\Users\allis\OneDrive\Documentos\Repoceleste_git\FinanData-DataGenerator\data\transactions\ach
2026-08-28 03:41:52,207 - INFO - Leyendo archivo: ach_20260824.csv
2026-08-28 03:41:52,211 - INFO - Archivo ach_20260824.csv: 1250 registros
2026-08-28 03:41:52,211 - INFO - Leyendo archivo: ach_20260825.csv
2026-08-28 03:41:52,214 - INFO - Archivo ach_20260825.csv: 1250 registros
2026-08-28 03:41:52,214 - INFO - Leyendo archivo: ach_20260826.csv
2026-08-28 03:41:52,217 - INFO - Archivo ach_20260826.csv: 1250 registros
2026-08-28 03:41:52,217 - INFO - Leyendo archivo: ach_20260827.csv
2026-08-28 03:41:52,221 - INFO - Archivo ach_20260827.csv: 1250 registros
2026-08-28 03:41:52,221 - INFO - Extracción ACH exitosa. Total registros: 5000
2026-08-28 03:41:52,221 - INFO - Extracción ACH finalizada: 5000 registros
2026-08-28 03:41:52,221 - INFO - Extrayendo API
2026-08-28 03:41:52,221 - INFO - Iniciando la extracción API desde http://localhost:8000/transactions
2026-08-28 03:41:52,315 - INFO - Petición enviada a http://localhost:8000/transactions Código de estado: 200
2026-08-28 03:41:52,322 - INFO - Extracción exitosa de datos. Cantidad de transacciones: 5000
2026-08-28 03:41:52,326 - INFO - Creación exitosa del data frame, con 5000 filas y 8 columnas
2026-08-28 03:41:52,326 - INFO - Extracción API finalizada: 5000 registros
2026-08-28 03:41:52,326 - INFO - EXTRACCIÓN FINALIZADA CORRECTAMENTE
2026-08-28 03:41:52,326 - INFO - ======================================================================
2026-08-28 03:41:52,326 - INFO - INICIANDO CDC + BRONZE
2026-08-28 03:41:52,326 - INFO - ======================================================================
2026-08-28 03:41:52,326 - INFO - ATM: iniciando CDC
2026-08-28 03:41:52,327 - INFO - ATM: iniciando CDC
2026-08-28 03:41:52,352 - INFO - ATM: histórico Bronze: 4948 registros
2026-08-28 03:41:52,727 - INFO - ATM: CDC INSERT=0, UPDATE=0
2026-08-28 03:41:52,727 - INFO - ATM: total cambios detectados=0
2026-08-28 03:41:52,741 - INFO - Archivo generado: C:\Users\allis\OneDrive\Documentos\Repoceleste_git\FinanData-DataOps\data\bronze\atm\atm_transactions.csv (5000 registros)
2026-08-28 03:41:52,741 - INFO - ACH: iniciando CDC
2026-08-28 03:41:52,741 - INFO - ACH: iniciando CDC
2026-08-28 03:41:52,782 - INFO - ACH: histórico Bronze: 4945 registros
2026-08-28 03:41:53,165 - INFO - ACH: CDC INSERT=0, UPDATE=0
2026-08-28 03:41:53,165 - INFO - ACH: total cambios detectados=0
2026-08-28 03:41:53,177 - INFO - Archivo generado: C:\Users\allis\OneDrive\Documentos\Repoceleste_git\FinanData-DataOps\data\bronze\ach\ach_transactions.csv (5000 registros)
2026-08-28 03:41:53,177 - INFO - API: iniciando CDC
2026-08-28 03:41:53,177 - INFO - API: iniciando CDC
2026-08-28 03:41:53,199 - INFO - API: histórico Bronze: 4951 registros
2026-08-28 03:41:53,568 - INFO - API: CDC INSERT=0, UPDATE=5
2026-08-28 03:41:53,568 - INFO - API: total cambios detectados=5
2026-08-28 03:41:53,570 - INFO - Archivo generado: C:\Users\allis\OneDrive\Documentos\Repoceleste_git\FinanData-DataOps\data\bronze\api\api_cdc.csv (5 registros)
2026-08-28 03:41:53,583 - INFO - Archivo generado: C:\Users\allis\OneDrive\Documentos\Repoceleste_git\FinanData-DataOps\data\bronze\api\api_transactions.csv (5000 registros)
2026-08-28 03:41:53,583 - INFO - ======================================================================
2026-08-28 03:41:53,583 - INFO - INICIANDO VALIDACIÓN
2026-08-28 03:41:53,583 - INFO - ======================================================================
2026-08-28 03:41:53,583 - INFO - Procesando validación de ATM
2026-08-28 03:41:53,583 - INFO - Iniciando validación ATM: 5000 registros
2026-08-28 03:41:53,629 - INFO - ATM: ejecutando Great Expectations
2026-08-28 03:41:53,823 - WARNING - ATM: Great Expectations detectó incumplimientos
2026-08-28 03:41:53,823 - INFO - ATM: total=5000
2026-08-28 03:41:53,823 - INFO - ATM: válidos=4836
2026-08-28 03:41:53,823 - INFO - ATM: rechazados=164
2026-08-28 03:41:53,823 - INFO - ATM: porcentaje rechazo=3.28%
2026-08-28 03:41:53,823 - ERROR - ATM: QUALITY GATE RECHAZADO. El porcentaje de rechazo (3.28%) supera el máximo permitido (3.00%)
2026-08-28 03:41:53,825 - INFO - Archivo generado: C:\Users\allis\OneDrive\Documentos\Repoceleste_git\FinanData-DataOps\data\rejected\atm\atm_rejected.csv (164 registros)
2026-08-28 03:41:53,825 - ERROR - ATM: validación Great Expectations RECHAZADA
2026-08-28 03:41:53,825 - ERROR - ATM: los registros válidos NO continúan a Processed
2026-08-28 03:41:53,825 - INFO - Procesando validación de ACH
2026-08-28 03:41:53,825 - INFO - Iniciando validación ACH: 5000 registros
2026-08-28 03:41:53,860 - INFO - ACH: ejecutando Great Expectations
2026-08-28 03:41:54,046 - WARNING - ACH: Great Expectations detectó incumplimientos
2026-08-28 03:41:54,046 - INFO - ACH: total=5000
2026-08-28 03:41:54,046 - INFO - ACH: válidos=4830
2026-08-28 03:41:54,046 - INFO - ACH: rechazados=170
2026-08-28 03:41:54,046 - INFO - ACH: porcentaje rechazo=3.40%
2026-08-28 03:41:54,046 - ERROR - ACH: QUALITY GATE RECHAZADO. El porcentaje de rechazo (3.40%) supera el máximo permitido (3.00%)
2026-08-28 03:41:54,049 - INFO - Archivo generado: C:\Users\allis\OneDrive\Documentos\Repoceleste_git\FinanData-DataOps\data\rejected\ach\ach_rejected.csv (170 registros)
2026-08-28 03:41:54,049 - ERROR - ACH: validación Great Expectations RECHAZADA
2026-08-28 03:41:54,049 - ERROR - ACH: los registros válidos NO continúan a Processed
2026-08-28 03:41:54,049 - INFO - Procesando validación de API
2026-08-28 03:41:54,049 - INFO - Iniciando validación API: 5000 registros
2026-08-28 03:41:54,088 - INFO - API: ejecutando Great Expectations
2026-08-28 03:41:54,294 - WARNING - API: Great Expectations detectó incumplimientos
2026-08-28 03:41:54,294 - INFO - API: total=5000
2026-08-28 03:41:54,294 - INFO - API: válidos=4858
2026-08-28 03:41:54,295 - INFO - API: rechazados=142
2026-08-28 03:41:54,295 - INFO - API: porcentaje rechazo=2.84%
2026-08-28 03:41:54,295 - INFO - API: QUALITY GATE APROBADO
2026-08-28 03:41:54,297 - INFO - Archivo generado: C:\Users\allis\OneDrive\Documentos\Repoceleste_git\FinanData-DataOps\data\rejected\api\api_rejected.csv (142 registros)
2026-08-28 03:41:54,297 - INFO - API: QUALITY GATE APROBADO
2026-08-28 03:41:54,297 - INFO - API: porcentaje de rechazo 2.84% dentro del límite permitido (3.00%)
2026-08-28 03:41:54,310 - INFO - Archivo generado: C:\Users\allis\OneDrive\Documentos\Repoceleste_git\FinanData-DataOps\data\processed\api\api_validated.csv (4858 registros)
2026-08-28 03:41:54,310 - INFO - API: datos enviados a Processed
2026-08-28 03:41:54,310 - INFO - ======================================================================
2026-08-28 03:41:54,310 - INFO - PIPELINE FINALIZADO
2026-08-28 03:41:54,310 - INFO - ======================================================================
2026-08-28 03:50:31,642 - INFO - ======================================================================
2026-08-28 03:50:31,642 - INFO - INICIO DEL PIPELINE FINANDATA-DATAOPS
2026-08-28 03:50:31,642 - INFO - ======================================================================
2026-08-28 03:50:31,642 - INFO - ======================================================================
2026-08-28 03:50:31,642 - INFO - INICIANDO EXTRACCIÓN
2026-08-28 03:50:31,642 - INFO - ======================================================================
2026-08-28 03:50:31,642 - INFO - Extrayendo ATM
2026-08-28 03:50:31,643 - INFO - Iniciando extracción ATM desde: C:\Users\allis\OneDrive\Documentos\Repoceleste_git\FinanData-DataGenerator\data\transactions\atm
2026-08-28 03:50:31,643 - INFO - Leyendo archivo: atm_20260824.csv
2026-08-28 03:50:31,653 - INFO - Archivo atm_20260824.csv: 1250 registros
2026-08-28 03:50:31,653 - INFO - Leyendo archivo: atm_20260825.csv
2026-08-28 03:50:31,656 - INFO - Archivo atm_20260825.csv: 1250 registros
2026-08-28 03:50:31,657 - INFO - Leyendo archivo: atm_20260826.csv
2026-08-28 03:50:31,660 - INFO - Archivo atm_20260826.csv: 1250 registros
2026-08-28 03:50:31,660 - INFO - Leyendo archivo: atm_20260827.csv
2026-08-28 03:50:31,664 - INFO - Archivo atm_20260827.csv: 1250 registros
2026-08-28 03:50:31,665 - INFO - Extracción ATM exitosa. Total registros: 5000
2026-08-28 03:50:31,665 - INFO - Extracción ATM finalizada: 5000 registros
2026-08-28 03:50:31,665 - INFO - Extrayendo ACH
2026-08-28 03:50:31,665 - INFO - Iniciando extracción ACH desde: C:\Users\allis\OneDrive\Documentos\Repoceleste_git\FinanData-DataGenerator\data\transactions\ach
2026-08-28 03:50:31,665 - INFO - Leyendo archivo: ach_20260824.csv
2026-08-28 03:50:31,669 - INFO - Archivo ach_20260824.csv: 1250 registros
2026-08-28 03:50:31,669 - INFO - Leyendo archivo: ach_20260825.csv
2026-08-28 03:50:31,672 - INFO - Archivo ach_20260825.csv: 1250 registros
2026-08-28 03:50:31,673 - INFO - Leyendo archivo: ach_20260826.csv
2026-08-28 03:50:31,676 - INFO - Archivo ach_20260826.csv: 1250 registros
2026-08-28 03:50:31,676 - INFO - Leyendo archivo: ach_20260827.csv
2026-08-28 03:50:31,680 - INFO - Archivo ach_20260827.csv: 1250 registros
2026-08-28 03:50:31,680 - INFO - Extracción ACH exitosa. Total registros: 5000
2026-08-28 03:50:31,680 - INFO - Extracción ACH finalizada: 5000 registros
2026-08-28 03:50:31,680 - INFO - Extrayendo API
2026-08-28 03:50:31,680 - INFO - Iniciando la extracción API desde http://localhost:8000/transactions
2026-08-28 03:50:31,776 - INFO - Petición enviada a http://localhost:8000/transactions Código de estado: 200
2026-08-28 03:50:31,782 - INFO - Extracción exitosa de datos. Cantidad de transacciones: 5000
2026-08-28 03:50:31,786 - INFO - Creación exitosa del data frame, con 5000 filas y 8 columnas
2026-08-28 03:50:31,787 - INFO - Extracción API finalizada: 5000 registros
2026-08-28 03:50:31,787 - INFO - EXTRACCIÓN FINALIZADA CORRECTAMENTE
2026-08-28 03:50:31,787 - INFO - ======================================================================
2026-08-28 03:50:31,787 - INFO - INICIANDO CDC + BRONZE
2026-08-28 03:50:31,787 - INFO - ======================================================================
2026-08-28 03:50:31,787 - INFO - ATM: iniciando CDC
2026-08-28 03:50:31,787 - INFO - ATM: iniciando CDC
2026-08-28 03:50:31,816 - INFO - ATM: histórico Bronze: 4948 registros
2026-08-28 03:50:32,199 - INFO - ATM: CDC INSERT=0, UPDATE=0
2026-08-28 03:50:32,199 - INFO - ATM: total cambios detectados=0
2026-08-28 03:50:32,214 - INFO - Archivo generado: C:\Users\allis\OneDrive\Documentos\Repoceleste_git\FinanData-DataOps\data\bronze\atm\atm_transactions.csv (5000 registros)
2026-08-28 03:50:32,214 - INFO - ACH: iniciando CDC
2026-08-28 03:50:32,214 - INFO - ACH: iniciando CDC
2026-08-28 03:50:32,254 - INFO - ACH: histórico Bronze: 4945 registros
2026-08-28 03:50:32,649 - INFO - ACH: CDC INSERT=0, UPDATE=0
2026-08-28 03:50:32,649 - INFO - ACH: total cambios detectados=0
2026-08-28 03:50:32,662 - INFO - Archivo generado: C:\Users\allis\OneDrive\Documentos\Repoceleste_git\FinanData-DataOps\data\bronze\ach\ach_transactions.csv (5000 registros)
2026-08-28 03:50:32,662 - INFO - API: iniciando CDC
2026-08-28 03:50:32,662 - INFO - API: iniciando CDC
2026-08-28 03:50:32,690 - INFO - API: histórico Bronze: 4951 registros
2026-08-28 03:50:33,065 - INFO - API: CDC INSERT=0, UPDATE=5
2026-08-28 03:50:33,065 - INFO - API: total cambios detectados=5
2026-08-28 03:50:33,065 - INFO - Archivo generado: C:\Users\allis\OneDrive\Documentos\Repoceleste_git\FinanData-DataOps\data\bronze\api\api_cdc.csv (5 registros)
2026-08-28 03:50:33,083 - INFO - Archivo generado: C:\Users\allis\OneDrive\Documentos\Repoceleste_git\FinanData-DataOps\data\bronze\api\api_transactions.csv (5000 registros)
2026-08-28 03:50:33,083 - INFO - ======================================================================
2026-08-28 03:50:33,083 - INFO - INICIANDO VALIDACIÓN
2026-08-28 03:50:33,083 - INFO - ======================================================================
2026-08-28 03:50:33,084 - INFO - Procesando validación de ATM
2026-08-28 03:50:33,084 - INFO - Iniciando validación ATM: 5000 registros
2026-08-28 03:50:33,130 - INFO - ATM: ejecutando Great Expectations
2026-08-28 03:50:33,323 - WARNING - ATM: Great Expectations detectó incumplimientos
2026-08-28 03:50:33,323 - INFO - ATM: total=5000
2026-08-28 03:50:33,323 - INFO - ATM: válidos=4836
2026-08-28 03:50:33,323 - INFO - ATM: rechazados=164
2026-08-28 03:50:33,323 - INFO - ATM: porcentaje rechazo=3.28%
2026-08-28 03:50:33,323 - INFO - Archivo generado: C:\Users\allis\OneDrive\Documentos\Repoceleste_git\FinanData-DataOps\data\rejected\atm\atm_rejected.csv (164 registros)
2026-08-28 03:50:33,328 - ERROR - ATM: validación Great Expectations RECHAZADA
2026-08-28 03:50:33,328 - ERROR - ATM: los registros válidos NO continúan a Processed
2026-08-28 03:50:33,328 - INFO - Procesando validación de ACH
2026-08-28 03:50:33,328 - INFO - Iniciando validación ACH: 5000 registros
2026-08-28 03:50:33,362 - INFO - ACH: ejecutando Great Expectations
2026-08-28 03:50:33,558 - WARNING - ACH: Great Expectations detectó incumplimientos
2026-08-28 03:50:33,558 - INFO - ACH: total=5000
2026-08-28 03:50:33,558 - INFO - ACH: válidos=4830
2026-08-28 03:50:33,558 - INFO - ACH: rechazados=170
2026-08-28 03:50:33,558 - INFO - ACH: porcentaje rechazo=3.40%
2026-08-28 03:50:33,559 - INFO - Archivo generado: C:\Users\allis\OneDrive\Documentos\Repoceleste_git\FinanData-DataOps\data\rejected\ach\ach_rejected.csv (170 registros)
2026-08-28 03:50:33,559 - ERROR - ACH: validación Great Expectations RECHAZADA
2026-08-28 03:50:33,559 - ERROR - ACH: los registros válidos NO continúan a Processed
2026-08-28 03:50:33,559 - INFO - Procesando validación de API
2026-08-28 03:50:33,559 - INFO - Iniciando validación API: 5000 registros
2026-08-28 03:50:33,597 - INFO - API: ejecutando Great Expectations
2026-08-28 03:50:33,803 - WARNING - API: Great Expectations detectó incumplimientos
2026-08-28 03:50:33,803 - INFO - API: total=5000
2026-08-28 03:50:33,803 - INFO - API: válidos=4858
2026-08-28 03:50:33,803 - INFO - API: rechazados=142
2026-08-28 03:50:33,803 - INFO - API: porcentaje rechazo=2.84%
2026-08-28 03:50:33,808 - INFO - Archivo generado: C:\Users\allis\OneDrive\Documentos\Repoceleste_git\FinanData-DataOps\data\rejected\api\api_rejected.csv (142 registros)
2026-08-28 03:50:33,808 - ERROR - API: validación Great Expectations RECHAZADA
2026-08-28 03:50:33,808 - ERROR - API: los registros válidos NO continúan a Processed
2026-08-28 03:50:33,808 - INFO - ======================================================================
2026-08-28 03:50:33,808 - INFO - PIPELINE FINALIZADO
2026-08-28 03:50:33,808 - INFO - ======================================================================
2026-08-28 03:51:15,040 - INFO - Iniciando validación ACH: 5000 registros
2026-08-28 03:51:15,081 - INFO - ACH: ejecutando Great Expectations
2026-08-28 03:51:15,257 - WARNING - ACH: Great Expectations detectó incumplimientos
2026-08-28 03:51:15,257 - INFO - ACH: total=5000
2026-08-28 03:51:15,257 - INFO - ACH: válidos=4830
2026-08-28 03:51:15,258 - INFO - ACH: rechazados=170
2026-08-28 03:51:15,258 - INFO - ACH: porcentaje rechazo=3.40%
